LTspice 26.0.2 for Windows
Circuit: C:\Users\raush\Desktop\research-project\Draft2.net
Start Time: Thu Aug 27 20:37:13 2026
solver = Normal
Maximum thread count: 12
tnom = 27
temp = 27
method = trap
Compress1stOrder = true
Compress2ndOrder = true
Direct Newton iteration succeeded in finding operating point.
Total elapsed time: 6.262 seconds.

Files loaded:
C:\Users\raush\Desktop\research-project\Draft2.net
C:\Users\raush\AppData\Local\LTspice\lib\cmp\standard.dio

il_avg_ss: AVG(I(L1) )=-1.92408829547 FROM 0.009 TO 0.01
il_max_ss: MAX(I(L1) )=-1.43063795567 FROM 0.009 TO 0.01
il_min_ss: MIN(I(L1) )=-2.41673707962 FROM 0.009 TO 0.01
il_ripple_ss: IL_max_SS-IL_min_SS=0.986099123955
vout_avg_ss: AVG(V(vout) )=4.80908470668 FROM 0.009 TO 0.01
vout_max_ss: MAX(V(vout) )=4.81259700428 FROM 0.009 TO 0.01
vout_min_ss: MIN(V(vout) )=4.80506135181 FROM 0.009 TO 0.01
vout_ripple_ss: Vout_max_SS-Vout_min_SS=0.00753565247059
pin_avg: AVG(V(vin)*I(V1) )=-9.60619009196 FROM 0.009 TO 0.01
pout_avg: AVG(V(vout)*I(R) )=9.25092104825 FROM 0.009 TO 0.01
il_startup_min: MIN(I(L1) )=-11.949341774 FROM 0 TO 0.001
il_startup_peak: -IL_startup_min=11.949341774
vout_startup_peak: MAX(V(vout) )=8.36280727386 FROM 0 TO 0.002
