LTspice 26.0.2 for Windows
Circuit: C:\Users\raush\Desktop\research-project\Draft1.net
Start Time: Thu Aug 27 20:35:32 2026
solver = Normal
Maximum thread count: 12
tnom = 27
temp = 27
method = trap
Compress1stOrder = true
Compress2ndOrder = true
Direct Newton iteration succeeded in finding operating point.
Total elapsed time: 6.393 seconds.

Files loaded:
C:\Users\raush\Desktop\research-project\Draft1.net
C:\Users\raush\AppData\Local\LTspice\lib\cmp\standard.dio

vout_avg_ss: AVG(V(vout) )=4.80038369649 FROM 0.009 TO 0.01
vout_max_ss: MAX(V(vout) )=4.80244927824 FROM 0.009 TO 0.01
vout_min_ss: MIN(V(vout) )=4.79828691483 FROM 0.009 TO 0.01
vout_ripple_ss: Vout_max_SS-Vout_min_SS=0.00416236341
il_avg_ss: AVG(I(L1) )=1.92022576182 FROM 0.009 TO 0.01
il_max_ss: MAX(I(L1) )=2.41763210297 FROM 0.009 TO 0.01
il_min_ss: MIN(I(L1) )=1.42275094986 FROM 0.009 TO 0.01
il_ripple_ss: IL_max_SS-IL_min_SS=0.994881153107
pin_avg: AVG(V(vin)*I(Vin) )=-9.61247479078 FROM 0.009 TO 0.01
pout_avg: AVG(V(vout)*I(R1) )=9.2174742893 FROM 0.009 TO 0.01
il_startup_peak: MAX(I(L1) )=15.5941028595 FROM 0 TO 0.001
vout_startup_peak: MAX(V(vout) )=8.45282463431 FROM 0 TO 0.002
